≡ƒÜÇ Starting Comprehensive Call Session Tests...

Γ£à Connected to MongoDB
≡ƒº╣ Cleaned up old test data

≡ƒº¬ TEST 1: Race Condition Prevention (Concurrent Assignment)
Created student 697afe97297d4c47ef416888. Simulating 10 concurrent assignment attempts...
[Student Assignment] User 697afe97297d4c47ef41687e looking for absent students in session 697afe97297d4c47ef416884
[Student Assignment] User 697afe97297d4c47ef416881 looking for absent students in session 697afe97297d4c47ef416884
[Student Assignment] User 697afe97297d4c47ef41687e looking for absent students in session 697afe97297d4c47ef416884
[Student Assignment] User 697afe97297d4c47ef416881 looking for absent students in session 697afe97297d4c47ef416884
[Student Assignment] User 697afe97297d4c47ef41687e looking for students with exam marks 1-3
[Student Assignment] User 697afe97297d4c47ef41687e looking for absent students in session 697afe97297d4c47ef416884
[Student Assignment] User 697afe97297d4c47ef416881 looking for absent students in session 697afe97297d4c47ef416884
[Student Assignment] User 697afe97297d4c47ef416881 looking for absent students in session 697afe97297d4c47ef416884
[Student Assignment] User 697afe97297d4c47ef416881 looking for students with exam marks 1-3
[Student Assignment] User 697afe97297d4c47ef41687e looking for absent students in session 697afe97297d4c47ef416884
[Student Assignment] User 697afe97297d4c47ef41687e looking for students with exam marks 1-3
[Student Assignment] User 697afe97297d4c47ef416881 looking for students who haven't done homework
[Student Assignment] User 697afe97297d4c47ef41687e looking for students with exam marks 1-3
[Student Assignment] User 697afe97297d4c47ef416881 looking for students with exam marks 1-3
[Student Assignment] User 697afe97297d4c47ef41687e looking for students who haven't done homework
[Student Assignment] User 697afe97297d4c47ef416881 looking for students with exam marks 1-3
[Student Assignment] User 697afe97297d4c47ef41687e looking for students with exam marks 1-3
[Student Assignment] User 697afe97297d4c47ef416881 looking for students with exam marks 1-3
[Student Assignment] User 697afe97297d4c47ef41687e looking for students who haven't done homework
[Student Assignment] User 697afe97297d4c47ef41687e looking for students who haven't done homework
[Student Assignment] User 697afe97297d4c47ef416881 looking for students who haven't done homework
[Student Assignment] User 697afe97297d4c47ef416881 looking for students who haven't been evaluated
[Student Assignment] User 697afe97297d4c47ef41687e looking for students who haven't done homework
[Student Assignment] User 697afe97297d4c47ef41687e looking for students who haven't been evaluated
[Student Assignment] User 697afe97297d4c47ef416881 looking for students who haven't done homework
[Student Assignment] User 697afe97297d4c47ef41687e looking for students who haven't been evaluated
[Student Assignment] User 697afe97297d4c47ef41687e looking for students who haven't been evaluated
[Student Assignment] User 697afe97297d4c47ef416881 looking for students who haven't been evaluated
[Student Assignment] User 697afe97297d4c47ef416881 looking for students who haven't done homework
[Student Assignment] User 697afe97297d4c47ef41687e looking for students who haven't been evaluated
[Student Assignment] User 697afe97297d4c47ef416881 looking for students with incomplete homework
[Student Assignment] User 697afe97297d4c47ef41687e looking for students with incomplete homework
[Student Assignment] User 697afe97297d4c47ef41687e looking for students with incomplete homework
[Student Assignment] User 697afe97297d4c47ef416881 looking for students who haven't been evaluated
[Student Assignment] User 697afe97297d4c47ef41687e looking for students with incomplete homework
[Student Assignment] User 697afe97297d4c47ef416881 looking for students with incomplete homework
[Student Assignment] User 697afe97297d4c47ef416881 looking for students who haven't been evaluated
[Student Assignment] User 697afe97297d4c47ef41687e looking for students with empty homework status
[Student Assignment] User 697afe97297d4c47ef41687e looking for students with incomplete homework
[Student Assignment] User 697afe97297d4c47ef41687e looking for students with empty homework status
[Student Assignment] User 697afe97297d4c47ef416881 looking for students with incomplete homework
[Student Assignment] User 697afe97297d4c47ef416881 looking for students with incomplete homework
[Student Assignment] User 697afe97297d4c47ef416881 looking for students with empty homework status
[Student Assignment] User 697afe97297d4c47ef41687e looking for students with empty homework status
[Student Assignment] User 697afe97297d4c47ef41687e looking for students with empty homework status
[Student Assignment] Γ£ô Assigned student 697afe97297d4c47ef416888 (Singleton Test Student) to user 697afe97297d4c47ef41687e
[Student Assignment] Assigned empty homework student 697afe97297d4c47ef416888 (Singleton Test Student) to user 697afe97297d4c47ef41687e
[Student Assignment] User 697afe97297d4c47ef416881 looking for absent students in session 697afe97297d4c47ef416884
[Student Assignment] User 697afe97297d4c47ef416881 looking for students with empty homework status
[Student Assignment] User 697afe97297d4c47ef416881 looking for remaining students
[Student Assignment] User 697afe97297d4c47ef41687e looking for remaining students
[Student Assignment] User 697afe97297d4c47ef416881 looking for students with empty homework status
[Student Assignment] User 697afe97297d4c47ef41687e looking for remaining students
[Student Assignment] User 697afe97297d4c47ef41687e looking for remaining students
[Student Assignment] User 697afe97297d4c47ef416881 looking for students with exam marks 1-3
[Student Assignment] User 697afe97297d4c47ef416881 looking for remaining students
[Student Assignment] No more students available for user 697afe97297d4c47ef41687e in session 697afe97297d4c47ef416884
[Student Assignment] No more students available for user 697afe97297d4c47ef416881 in session 697afe97297d4c47ef416884
[Student Assignment] No more students available for user 697afe97297d4c47ef41687e in session 697afe97297d4c47ef416884
[Student Assignment] User 697afe97297d4c47ef416881 looking for remaining students
[Student Assignment] No more students available for user 697afe97297d4c47ef41687e in session 697afe97297d4c47ef416884
[Student Assignment] User 697afe97297d4c47ef416881 looking for students who haven't done homework
[Student Assignment] User 697afe97297d4c47ef41687e continuing with assigned student 697afe97297d4c47ef416888 (Singleton Test Student)
[Student Assignment] No more students available for user 697afe97297d4c47ef416881 in session 697afe97297d4c47ef416884
[Student Assignment] No more students available for user 697afe97297d4c47ef416881 in session 697afe97297d4c47ef416884
[Student Assignment] User 697afe97297d4c47ef416881 looking for students who haven't been evaluated
[Student Assignment] User 697afe97297d4c47ef416881 looking for students with incomplete homework
[Student Assignment] User 697afe97297d4c47ef416881 looking for students with empty homework status
[Student Assignment] User 697afe97297d4c47ef416881 looking for students with empty homework status
[Student Assignment] User 697afe97297d4c47ef416881 looking for remaining students
[Student Assignment] User 697afe97297d4c47ef416881 looking for remaining students
[Student Assignment] No more students available for user 697afe97297d4c47ef416881 in session 697afe97297d4c47ef416884
[Student Assignment] No more students available for user 697afe97297d4c47ef416881 in session 697afe97297d4c47ef416884
node : 
At line:1 char:40
+ ... e_modules"; node test/call-session-big-test.js > 
test_output.txt 2>&1 ...
+                 
~~~~~~~~~~~~~~~~~~~~~~~~~~~~~~~~~~~~~~~~~~~~~~~~~~~~~~~~~
    + CategoryInfo          : NotSpecified: (:String) [] 
   , RemoteException
    + FullyQualifiedErrorId : NativeCommandError
 
≡ƒÆÑ TEST SUITE CRASHED: TypeError: Cannot read 
properties of undefined (reading 'data')
    at C:\Users\ahmed\Desktop\asist 
web\test\call-session-big-test.js:97:53
    at Array.filter (<anonymous>)
    at runTests (C:\Users\ahmed\Desktop\asist 
web\test\call-session-big-test.js:97:35)
    at process.processTicksAndRejections 
(node:internal/process/task_queues:103:5)

≡ƒæï Database connection closed.
